Archive member included to satisfy reference by file (symbol)

C:/ST/STM32CubeIDE_1.19.0/STM32CubeIDE/plugins/com.st.stm32cube.ide.mcu.externaltools.gnu-tools-for-stm32.13.3.rel1.win32_1.0.0.202411081344/tools/bin/../lib/gcc/arm-none-eabi/13.3.1/../../../../arm-none-eabi/lib/thumb/v7-m/nofp\libc_nano.a(libc_a-exit.o)
                              C:/ST/STM32CubeIDE_1.19.0/STM32CubeIDE/plugins/com.st.stm32cube.ide.mcu.externaltools.gnu-tools-for-stm32.13.3.rel1.win32_1.0.0.202411081344/tools/bin/../lib/gcc/arm-none-eabi/13.3.1/../../../../arm-none-eabi/lib/thumb/v7-m/nofp/crt0.o (exit)
C:/ST/STM32CubeIDE_1.19.0/STM32CubeIDE/plugins/com.st.stm32cube.ide.mcu.externaltools.gnu-tools-for-stm32.13.3.rel1.win32_1.0.0.202411081344/tools/bin/../lib/gcc/arm-none-eabi/13.3.1/../../../../arm-none-eabi/lib/thumb/v7-m/nofp\libc_nano.a(libc_a-findfp.o)
                              C:/ST/STM32CubeIDE_1.19.0/STM32CubeIDE/plugins/com.st.stm32cube.ide.mcu.externaltools.gnu-tools-for-stm32.13.3.rel1.win32_1.0.0.202411081344/tools/bin/../lib/gcc/arm-none-eabi/13.3.1/../../../../arm-none-eabi/lib/thumb/v7-m/nofp\libc_nano.a(libc_a-exit.o) (__stdio_exit_handler)
C:/ST/STM32CubeIDE_1.19.0/STM32CubeIDE/plugins/com.st.stm32cube.ide.mcu.externaltools.gnu-tools-for-stm32.13.3.rel1.win32_1.0.0.202411081344/tools/bin/../lib/gcc/arm-none-eabi/13.3.1/../../../../arm-none-eabi/lib/thumb/v7-m/nofp\libc_nano.a(libc_a-fwalk.o)
                              C:/ST/STM32CubeIDE_1.19.0/STM32CubeIDE/plugins/com.st.stm32cube.ide.mcu.externaltools.gnu-tools-for-stm32.13.3.rel1.win32_1.0.0.202411081344/tools/bin/../lib/gcc/arm-none-eabi/13.3.1/../../../../arm-none-eabi/lib/thumb/v7-m/nofp\libc_nano.a(libc_a-findfp.o) (_fwalk_sglue)
C:/ST/STM32CubeIDE_1.19.0/STM32CubeIDE/plugins/com.st.stm32cube.ide.mcu.externaltools.gnu-tools-for-stm32.13.3.rel1.win32_1.0.0.202411081344/tools/bin/../lib/gcc/arm-none-eabi/13.3.1/../../../../arm-none-eabi/lib/thumb/v7-m/nofp\libc_nano.a(libc_a-stdio.o)
                              C:/ST/STM32CubeIDE_1.19.0/STM32CubeIDE/plugins/com.st.stm32cube.ide.mcu.externaltools.gnu-tools-for-stm32.13.3.rel1.win32_1.0.0.202411081344/tools/bin/../lib/gcc/arm-none-eabi/13.3.1/../../../../arm-none-eabi/lib/thumb/v7-m/nofp\libc_nano.a(libc_a-findfp.o) (__sread)
C:/ST/STM32CubeIDE_1.19.0/STM32CubeIDE/plugins/com.st.stm32cube.ide.mcu.externaltools.gnu-tools-for-stm32.13.3.rel1.win32_1.0.0.202411081344/tools/bin/../lib/gcc/arm-none-eabi/13.3.1/../../../../arm-none-eabi/lib/thumb/v7-m/nofp\libc_nano.a(libc_a-memset.o)
                              C:/ST/STM32CubeIDE_1.19.0/STM32CubeIDE/plugins/com.st.stm32cube.ide.mcu.externaltools.gnu-tools-for-stm32.13.3.rel1.win32_1.0.0.202411081344/tools/bin/../lib/gcc/arm-none-eabi/13.3.1/../../../../arm-none-eabi/lib/thumb/v7-m/nofp/crt0.o (memset)
C:/ST/STM32CubeIDE_1.19.0/STM32CubeIDE/plugins/com.st.stm32cube.ide.mcu.externaltools.gnu-tools-for-stm32.13.3.rel1.win32_1.0.0.202411081344/tools/bin/../lib/gcc/arm-none-eabi/13.3.1/../../../../arm-none-eabi/lib/thumb/v7-m/nofp\libc_nano.a(libc_a-closer.o)
                              C:/ST/STM32CubeIDE_1.19.0/STM32CubeIDE/plugins/com.st.stm32cube.ide.mcu.externaltools.gnu-tools-for-stm32.13.3.rel1.win32_1.0.0.202411081344/tools/bin/../lib/gcc/arm-none-eabi/13.3.1/../../../../arm-none-eabi/lib/thumb/v7-m/nofp\libc_nano.a(libc_a-stdio.o) (_close_r)
C:/ST/STM32CubeIDE_1.19.0/STM32CubeIDE/plugins/com.st.stm32cube.ide.mcu.externaltools.gnu-tools-for-stm32.13.3.rel1.win32_1.0.0.202411081344/tools/bin/../lib/gcc/arm-none-eabi/13.3.1/../../../../arm-none-eabi/lib/thumb/v7-m/nofp\libc_nano.a(libc_a-reent.o)
                              C:/ST/STM32CubeIDE_1.19.0/STM32CubeIDE/plugins/com.st.stm32cube.ide.mcu.externaltools.gnu-tools-for-stm32.13.3.rel1.win32_1.0.0.202411081344/tools/bin/../lib/gcc/arm-none-eabi/13.3.1/../../../../arm-none-eabi/lib/thumb/v7-m/nofp\libc_nano.a(libc_a-closer.o) (errno)
C:/ST/STM32CubeIDE_1.19.0/STM32CubeIDE/plugins/com.st.stm32cube.ide.mcu.externaltools.gnu-tools-for-stm32.13.3.rel1.win32_1.0.0.202411081344/tools/bin/../lib/gcc/arm-none-eabi/13.3.1/../../../../arm-none-eabi/lib/thumb/v7-m/nofp\libc_nano.a(libc_a-impure.o)
                              C:/ST/STM32CubeIDE_1.19.0/STM32CubeIDE/plugins/com.st.stm32cube.ide.mcu.externaltools.gnu-tools-for-stm32.13.3.rel1.win32_1.0.0.202411081344/tools/bin/../lib/gcc/arm-none-eabi/13.3.1/../../../../arm-none-eabi/lib/thumb/v7-m/nofp\libc_nano.a(libc_a-reent.o) (_impure_ptr)
C:/ST/STM32CubeIDE_1.19.0/STM32CubeIDE/plugins/com.st.stm32cube.ide.mcu.externaltools.gnu-tools-for-stm32.13.3.rel1.win32_1.0.0.202411081344/tools/bin/../lib/gcc/arm-none-eabi/13.3.1/../../../../arm-none-eabi/lib/thumb/v7-m/nofp\libc_nano.a(libc_a-lseekr.o)
[...]
Memory Configuration

Name             Origin             Length             Attributes
RAM              0x20000000         0x00005000         xrw
FLASH            0x08000000         0x00010000         xr
*default*        0x00000000         0xffffffff

Linker script and memory map

LOAD C:/ST/STM32CubeIDE_1.19.0/STM32CubeIDE/plugins/com.st.stm32cube.ide.mcu.externaltools.gnu-tools-for-stm32.13.3.rel1.win32_1.0.0.202411081344/tools/bin/../lib/gcc/arm-none-eabi/13.3.1/thumb/v7-m/nofp/crti.o
LOAD C:/ST/STM32CubeIDE_1.19.0/STM32CubeIDE/plugins/com.st.stm32cube.ide.mcu.externaltools.gnu-tools-for-stm32.13.3.rel1.win32_1.0.0.202411081344/tools/bin/../lib/gcc/arm-none-eabi/13.3.1/thumb/v7-m/nofp/crtbegin.o
LOAD C:/ST/STM32CubeIDE_1.19.0/STM32CubeIDE/plugins/com.st.stm32cube.ide.mcu.externaltools.gnu-tools-for-stm32.13.3.rel1.win32_1.0.0.202411081344/tools/bin/../lib/gcc/arm-none-eabi/13.3.1/../../../../arm-none-eabi/lib/thumb/v7-m/nofp/crt0.o
LOAD ./Src/gpio.o
LOAD ./Src/i2c.o
LOAD ./Src/main.o
LOAD ./Src/ssd1306.o
LOAD ./Src/syscalls.o
LOAD ./Src/sysmem.o
LOAD ./Src/vl53l0x.o
LOAD ./Startup/startup_stm32f103c8tx.o
START GROUP
LOAD C:/ST/STM32CubeIDE_1.19.0/STM32CubeIDE/plugins/com.st.stm32cube.ide.mcu.externaltools.gnu-tools-for-stm32.13.3.rel1.win32_1.0.0.202411081344/tools/bin/../lib/gcc/arm-none-eabi/13.3.1/../../../../arm-none-eabi/lib/thumb/v7-m/nofp\libc_nano.a
LOAD C:/ST/STM32CubeIDE_1.19.0/STM32CubeIDE/plugins/com.st.stm32cube.ide.mcu.externaltools.gnu-tools-for-stm32.13.3.rel1.win32_1.0.0.202411081344/tools/bin/../lib/gcc/arm-none-eabi/13.3.1/../../../../arm-none-eabi/lib/thumb/v7-m/nofp\libm.a
END GROUP
START GROUP
LOAD C:/ST/STM32CubeIDE_1.19.0/STM32CubeIDE/plugins/com.st.stm32cube.ide.mcu.externaltools.gnu-tools-for-stm32.13.3.rel1.win32_1.0.0.202411081344/tools/bin/../lib/gcc/arm-none-eabi/13.3.1/thumb/v7-m/nofp\libgcc.a
LOAD C:/ST/STM32CubeIDE_1.19.0/STM32CubeIDE/plugins/com.st.stm32cube.ide.mcu.externaltools.gnu-tools-for-stm32.13.3.rel1.win32_1.0.0.202411081344/tools/bin/../lib/gcc/arm-none-eabi/13.3.1/../../../../arm-none-eabi/lib/thumb/v7-m/nofp\libc_nano.a
END GROUP
START GROUP
LOAD C:/ST/STM32CubeIDE_1.19.0/STM32CubeIDE/plugins/com.st.stm32cube.ide.mcu.externaltools.gnu-tools-for-stm32.13.3.rel1.win32_1.0.0.202411081344/tools/bin/../lib/gcc/arm-none-eabi/13.3.1/thumb/v7-m/nofp\libgcc.a
LOAD C:/ST/STM32CubeIDE_1.19.0/STM32CubeIDE/plugins/com.st.stm32cube.ide.mcu.externaltools.gnu-tools-for-stm32.13.3.rel1.win32_1.0.0.202411081344/tools/bin/../lib/gcc/arm-none-eabi/13.3.1/../../../../arm-none-eabi/lib/thumb/v7-m/nofp\libc_nano.a
LOAD C:/ST/STM32CubeIDE_1.19.0/STM32CubeIDE/plugins/com.st.stm32cube.ide.mcu.externaltools.gnu-tools-for-stm32.13.3.rel1.win32_1.0.0.202411081344/tools/bin/../lib/gcc/arm-none-eabi/13.3.1/../../../../arm-none-eabi/lib/thumb/v7-m/nofp\libnosys.a
END GROUP
START GROUP
LOAD C:/ST/STM32CubeIDE_1.19.0/STM32CubeIDE/plugins/com.st.stm32cube.ide.mcu.externaltools.gnu-tools-for-stm32.13.3.rel1.win32_1.0.0.202411081344/tools/bin/../lib/gcc/arm-none-eabi/13.3.1/thumb/v7-m/nofp\libgcc.a
LOAD C:/ST/STM32CubeIDE_1.19.0/STM32CubeIDE/plugins/com.st.stm32cube.ide.mcu.externaltools.gnu-tools-for-stm32.13.3.rel1.win32_1.0.0.202411081344/tools/bin/../lib/gcc/arm-none-eabi/13.3.1/../../../../arm-none-eabi/lib/thumb/v7-m/nofp\libc_nano.a
LOAD C:/ST/STM32CubeIDE_1.19.0/STM32CubeIDE/plugins/com.st.stm32cube.ide.mcu.externaltools.gnu-tools-for-stm32.13.3.rel1.win32_1.0.0.202411081344/tools/bin/../lib/gcc/arm-none-eabi/13.3.1/../../../../arm-none-eabi/lib/thumb/v7-m/nofp\libnosys.a
END GROUP
LOAD C:/ST/STM32CubeIDE_1.19.0/STM32CubeIDE/plugins/com.st.stm32cube.ide.mcu.externaltools.gnu-tools-for-stm32.13.3.rel1.win32_1.0.0.202411081344/tools/bin/../lib/gcc/arm-none-eabi/13.3.1/thumb/v7-m/nofp/crtend.o
LOAD C:/ST/STM32CubeIDE_1.19.0/STM32CubeIDE/plugins/com.st.stm32cube.ide.mcu.externaltools.gnu-tools-for-stm32.13.3.rel1.win32_1.0.0.202411081344/tools/bin/../lib/gcc/arm-none-eabi/13.3.1/thumb/v7-m/nofp/crtn.o
                0x20005000                        _estack = (ORIGIN (RAM) + LENGTH (RAM))
                0x00000200                        _Min_Heap_Size = 0x200
                0x00000400                        _Min_Stack_Size = 0x400

.isr_vector     0x08000000      0x130
                0x08000000                        . = ALIGN (0x4)
 *(.isr_vector)
 .isr_vector    0x08000000      0x130 ./Startup/startup_stm32f103c8tx.o
                0x08000000                g_pfnVectors
                0x08000130                        . = ALIGN (0x4)

.text           0x08000130      0xc0c
                0x08000130                        . = ALIGN (0x4)
 *(.text)
 .text          0x08000130       0x40 C:/ST/STM32CubeIDE_1.19.0/STM32CubeIDE/plugins/com.st.stm32cube.ide.mcu.externaltools.gnu-tools-for-stm32.13.3.rel1.win32_1.0.0.202411081344/tools/bin/../lib/gcc/arm-none-eabi/13.3.1/thumb/v7-m/nofp/crtbegin.o
 *(.text*)
 .text.gpio_init
                0x08000170      0x150 ./Src/gpio.o
                0x08000170                gpio_init
 .text.gpio_trigger_high
                0x080002c0       0x38 ./Src/gpio.o
                0x080002c0                gpio_trigger_high
 .text.gpio_trigger_low
                0x080002f8       0x38 ./Src/gpio.o
                0x080002f8                gpio_trigger_low
 .text.gpio_read_echo
                0x08000330       0x44 ./Src/gpio.o
                0x08000330                gpio_read_echo
 .text.gpio_buzzer_on
                0x08000374       0x1c ./Src/gpio.o
                0x08000374                gpio_buzzer_on
 .text.gpio_buzzer_off
                0x08000390       0x1c ./Src/gpio.o
                0x08000390                gpio_buzzer_off
 .text.gpio_vl53l0x_xshut_high
                0x080003ac       0x1c ./Src/gpio.o
                0x080003ac                gpio_vl53l0x_xshut_high
 .text.gpio_vl53l0x_xshut_low
                0x080003c8       0x1c ./Src/gpio.o
                0x080003c8                gpio_vl53l0x_xshut_low
 .text.i2c_init
                0x080003e4       0x9c ./Src/i2c.o
                0x080003e4                i2c_init
 .text.i2c_clear_bus_error
                0x08000480       0x48 ./Src/i2c.o
 .text.i2c_scan
                0x080004c8       0xe4 ./Src/i2c.o
                0x080004c8                i2c_scan
 .text.i2c_write
                0x080005ac       0xa8 ./Src/i2c.o
                0x080005ac                i2c_write
 .text.delay_ms
                0x08000654       0x34 ./Src/main.o
 .text.delay_us
                0x08000688       0x32 ./Src/main.o
 *fill*         0x080006ba        0x2 
 .text.uint_to_str
                0x080006bc       0xa4 ./Src/main.o
 .text.get_us_distance
                0x08000760       0xb0 ./Src/main.o
 .text.update_display_us_debug
                0x08000810       0x50 ./Src/main.o
 .text.main     0x08000860      0x1bc ./Src/main.o
                0x08000860                main
 .text.ssd1306_cmd
                0x08000a1c       0x1e ./Src/ssd1306.o
 .text.ssd1306_data
                0x08000a3a       0x1e ./Src/ssd1306.o
 .text.ssd1306_init
                0x08000a58       0xe0 ./Src/ssd1306.o
                0x08000a58                ssd1306_init
 .text.ssd1306_clear
                0x08000b38       0x70 ./Src/ssd1306.o
                0x08000b38                ssd1306_clear
 .text.ssd1306_set_cursor
                0x08000ba8       0x40 ./Src/ssd1306.o
                0x08000ba8                ssd1306_set_cursor
 .text.ssd1306_write_char
                0x08000be8       0x60 ./Src/ssd1306.o
 .text.ssd1306_write_text
                0x08000c48       0x3e ./Src/ssd1306.o
                0x08000c48                ssd1306_write_text
 *fill*         0x08000c86        0x2 
 .text.Reset_Handler
                0x08000c88       0x50 ./Startup/startup_stm32f103c8tx.o
                0x08000c88                Reset_Handler
 .text.Default_Handler
                0x08000cd8        0x2 ./Startup/startup_stm32f103c8tx.o
                0x08000cd8                EXTI2_IRQHandler
                0x08000cd8                TIM8_TRG_COM_IRQHandler
                0x08000cd8                TIM8_CC_IRQHandler
                0x08000cd8                DebugMon_Handler
                0x08000cd8                TIM1_CC_IRQHandler
                0x08000cd8                HardFault_Handler
                0x08000cd8                TIM6_IRQHandler
                0x08000cd8                SysTick_Handler
                0x08000cd8                PVD_IRQHandler
                0x08000cd8                SDIO_IRQHandler
                0x08000cd8                PendSV_Handler
                0x08000cd8                NMI_Handler
                0x08000cd8                EXTI3_IRQHandler
                0x08000cd8                USB_HP_CAN_TX_IRQHandler
                0x08000cd8                EXTI0_IRQHandler
                0x08000cd8                I2C2_EV_IRQHandler
                0x08000cd8                UsageFault_Handler
                0x08000cd8                ADC1_2_IRQHandler
                0x08000cd8                SPI1_IRQHandler
                0x08000cd8                CAN_SCE_IRQHandler
                0x08000cd8                TAMPER_IRQHandler
                0x08000cd8                TIM8_UP_IRQHandler
                0x08000cd8                DMA2_Channel2_IRQHandler
                0x08000cd8                DMA1_Channel4_IRQHandler
                0x08000cd8                USART3_IRQHandler
                0x08000cd8                RTC_IRQHandler
                0x08000cd8                DMA1_Channel7_IRQHandler
                0x08000cd8                UART5_IRQHandler
                0x08000cd8                ADC3_IRQHandler
                0x08000cd8                TIM4_IRQHandler
                0x08000cd8                CAN_RX1_IRQHandler
                0x08000cd8                DMA2_Channel1_IRQHandler
                0x08000cd8                I2C1_EV_IRQHandler
                0x08000cd8                DMA1_Channel6_IRQHandler
                0x08000cd8                UART4_IRQHandler
                0x08000cd8                TIM3_IRQHandler
                0x08000cd8                RCC_IRQHandler
                0x08000cd8                TIM1_TRG_COM_IRQHandler
                0x08000cd8                DMA1_Channel1_IRQHandler
                0x08000cd8                Default_Handler
                0x08000cd8                EXTI15_10_IRQHandler
                0x08000cd8                TIM7_IRQHandler
                0x08000cd8                TIM5_IRQHandler
                0x08000cd8                EXTI9_5_IRQHandler
                0x08000cd8                SPI2_IRQHandler
                0x08000cd8                USB_LP_CAN_RX0_IRQHandler
                0x08000cd8                MemManage_Handler
                0x08000cd8                SVC_Handler
                0x08000cd8                DMA1_Channel5_IRQHandler
                0x08000cd8                EXTI4_IRQHandler
                0x08000cd8                DMA1_Channel3_IRQHandler
                0x08000cd8                FSMC_IRQHandler
                0x08000cd8                TIM1_UP_IRQHandler
                0x08000cd8                WWDG_IRQHandler
                0x08000cd8                TIM2_IRQHandler
                0x08000cd8                TIM1_BRK_IRQHandler
                0x08000cd8                EXTI1_IRQHandler
                0x08000cd8                RTCAlarm_IRQHandler
                0x08000cd8                DMA2_Channel4_5_IRQHandler
                0x08000cd8                USART2_IRQHandler
                0x08000cd8                I2C2_ER_IRQHandler
                0x08000cd8                DMA1_Channel2_IRQHandler
                0x08000cd8                TIM8_BRK_IRQHandler
                0x08000cd8                FLASH_IRQHandler
                0x08000cd8                BusFault_Handler
                0x08000cd8                USART1_IRQHandler
                0x08000cd8                SPI3_IRQHandler
                0x08000cd8                I2C1_ER_IRQHandler
                0x08000cd8                DMA2_Channel3_IRQHandler
 *fill*         0x08000cda        0x2 
 .text.__libc_init_array
                0x08000cdc       0x48 C:/ST/STM32CubeIDE_1.19.0/STM32CubeIDE/plugins/com.st.stm32cube.ide.mcu.externaltools.gnu-tools-for-stm32.13.3.rel1.win32_1.0.0.202411081344/tools/bin/../lib/gcc/arm-none-eabi/13.3.1/../../../../arm-none-eabi/lib/thumb/v7-m/nofp\libc_nano.a(libc_a-init.o)
                0x08000cdc                __libc_init_array
 *(.glue_7)
 .glue_7        0x08000d24        0x0 linker stubs
 *(.glue_7t)
 .glue_7t       0x08000d24        0x0 linker stubs
 *(.eh_frame)
 .eh_frame      0x08000d24        0x0 C:/ST/STM32CubeIDE_1.19.0/STM32CubeIDE/plugins/com.st.stm32cube.ide.mcu.externaltools.gnu-tools-for-stm32.13.3.rel1.win32_1.0.0.202411081344/tools/bin/../lib/gcc/arm-none-eabi/13.3.1/thumb/v7-m/nofp/crtbegin.o
 *(.init)
 .init          0x08000d24        0x4 C:/ST/STM32CubeIDE_1.19.0/STM32CubeIDE/plugins/com.st.stm32cube.ide.mcu.externaltools.gnu-tools-for-stm32.13.3.rel1.win32_1.0.0.202411081344/tools/bin/../lib/gcc/arm-none-eabi/13.3.1/thumb/v7-m/nofp/crti.o
                0x08000d24                _init
 .init          0x08000d28        0x8 C:/ST/STM32CubeIDE_1.19.0/STM32CubeIDE/plugins/com.st.stm32cube.ide.mcu.externaltools.gnu-tools-for-stm32.13.3.rel1.win32_1.0.0.202411081344/tools/bin/../lib/gcc/arm-none-eabi/13.3.1/thumb/v7-m/nofp/crtn.o
 *(.fini)
 .fini          0x08000d30        0x4 C:/ST/STM32CubeIDE_1.19.0/STM32CubeIDE/plugins/com.st.stm32cube.ide.mcu.externaltools.gnu-tools-for-stm32.13.3.rel1.win32_1.0.0.202411081344/tools/bin/../lib/gcc/arm-none-eabi/13.3.1/thumb/v7-m/nofp/crti.o
                0x08000d30                _fini
 .fini          0x08000d34        0x8 C:/ST/STM32CubeIDE_1.19.0/STM32CubeIDE/plugins/com.st.stm32cube.ide.mcu.externaltools.gnu-tools-for-stm32.13.3.rel1.win32_1.0.0.202411081344/tools/bin/../lib/gcc/arm-none-eabi/13.3.1/thumb/v7-m/nofp/crtn.o
                0x08000d3c                        . = ALIGN (0x4)
                0x08000d3c                        _etext = .

.vfp11_veneer   0x08000d3c        0x0
 .vfp11_veneer  0x08000d3c        0x0 linker stubs

.v4_bx          0x08000d3c        0x0
 .v4_bx         0x08000d3c        0x0 linker stubs

.iplt           0x08000d3c        0x0
 .iplt          0x08000d3c        0x0 C:/ST/STM32CubeIDE_1.19.0/STM32CubeIDE/plugins/com.st.stm32cube.ide.mcu.externaltools.gnu-tools-for-stm32.13.3.rel1.win32_1.0.0.202411081344/tools/bin/../lib/gcc/arm-none-eabi/13.3.1/thumb/v7-m/nofp/crtbegin.o

.rodata         0x08000d3c      0x25c
                0x08000d3c                        . = ALIGN (0x4)
 *(.rodata)
 .rodata        0x08000d3c      0x131 ./Src/main.o
 *(.rodata*)
 *fill*         0x08000e6d        0x3 
 .rodata.font5x7
                0x08000e70      0x127 ./Src/ssd1306.o
                0x08000f98                        . = ALIGN (0x4)
 *fill*         0x08000f97        0x1 

.ARM.extab      0x08000f98        0x0
                0x08000f98                        . = ALIGN (0x4)
 *(.ARM.extab* .gnu.linkonce.armextab.*)
                0x08000f98                        . = ALIGN (0x4)

.ARM            0x08000f98        0x0
                0x08000f98                        . = ALIGN (0x4)
                0x08000f98                        __exidx_start = .
 *(.ARM.exidx*)
                0x08000f98                        __exidx_end = .
                0x08000f98                        . = ALIGN (0x4)

.preinit_array  0x08000f98        0x0
                0x08000f98                        . = ALIGN (0x4)
                0x08000f98                        PROVIDE (__preinit_array_start = .)
 *(.preinit_array*)
                0x08000f98                        PROVIDE (__preinit_array_end = .)
                0x08000f98                        . = ALIGN (0x4)

.init_array     0x08000f98        0x4
                0x08000f98                        . = ALIGN (0x4)
                0x08000f98                        PROVIDE (__init_array_start = .)
 *(SORT_BY_NAME(.init_array.*))
 *(.init_array*)
 .init_array    0x08000f98        0x4 C:/ST/STM32CubeIDE_1.19.0/STM32CubeIDE/plugins/com.st.stm32cube.ide.mcu.externaltools.gnu-tools-for-stm32.13.3.rel1.win32_1.0.0.202411081344/tools/bin/../lib/gcc/arm-none-eabi/13.3.1/thumb/v7-m/nofp/crtbegin.o
                0x08000f9c                        PROVIDE (__init_array_end = .)
                0x08000f9c                        . = ALIGN (0x4)

.fini_array     0x08000f9c        0x4
                0x08000f9c                        . = ALIGN (0x4)
                [!provide]                        PROVIDE (__fini_array_start = .)
 *(SORT_BY_NAME(.fini_array.*))
 *(.fini_array*)
 .fini_array    0x08000f9c        0x4 C:/ST/STM32CubeIDE_1.19.0/STM32CubeIDE/plugins/com.st.stm32cube.ide.mcu.externaltools.gnu-tools-for-stm32.13.3.rel1.win32_1.0.0.202411081344/tools/bin/../lib/gcc/arm-none-eabi/13.3.1/thumb/v7-m/nofp/crtbegin.o
                [!provide]                        PROVIDE (__fini_array_end = .)
                0x08000fa0                        . = ALIGN (0x4)
                0x08000fa0                        _sidata = LOADADDR (.data)

.rel.dyn        0x08000fa0        0x0
 .rel.iplt      0x08000fa0        0x0 C:/ST/STM32CubeIDE_1.19.0/STM32CubeIDE/plugins/com.st.stm32cube.ide.mcu.externaltools.gnu-tools-for-stm32.13.3.rel1.win32_1.0.0.202411081344/tools/bin/../lib/gcc/arm-none-eabi/13.3.1/thumb/v7-m/nofp/crtbegin.o

.data           0x20000000        0x0 load address 0x08000fa0
                0x20000000                        . = ALIGN (0x4)
                0x20000000                        _sdata = .
 *(.data)
 *(.data*)
 *(.RamFunc)
 *(.RamFunc*)
                0x20000000                        . = ALIGN (0x4)
                0x20000000                        _edata = .

.igot.plt       0x20000000        0x0 load address 0x08000fa0
 .igot.plt      0x20000000        0x0 C:/ST/STM32CubeIDE_1.19.0/STM32CubeIDE/plugins/com.st.stm32cube.ide.mcu.externaltools.gnu-tools-for-stm32.13.3.rel1.win32_1.0.0.202411081344/tools/bin/../lib/gcc/arm-none-eabi/13.3.1/thumb/v7-m/nofp/crtbegin.o
                0x20000000                        . = ALIGN (0x4)

.bss            0x20000000      0x42c load address 0x08000fa0
                0x20000000                        _sbss = .
                0x20000000                        __bss_start__ = _sbss
 *(.bss)
 .bss           0x20000000       0x1c C:/ST/STM32CubeIDE_1.19.0/STM32CubeIDE/plugins/com.st.stm32cube.ide.mcu.externaltools.gnu-tools-for-stm32.13.3.rel1.win32_1.0.0.202411081344/tools/bin/../lib/gcc/arm-none-eabi/13.3.1/thumb/v7-m/nofp/crtbegin.o
 *(.bss*)
 .bss.found_addresses
                0x2000001c        0xa ./Src/i2c.o
                0x2000001c                found_addresses
 .bss.found_count
                0x20000026        0x1 ./Src/i2c.o
                0x20000026                found_count
 *fill*         0x20000027        0x1 
 .bss.debug_raw_count
                0x20000028        0x4 ./Src/main.o
                0x20000028                debug_raw_count
 .bss.ssd1306_buffer
                0x2000002c      0x400 ./Src/ssd1306.o
 *(COMMON)
                0x2000042c                        . = ALIGN (0x4)
                0x2000042c                        _ebss = .
                0x2000042c                        __bss_end__ = _ebss

._user_heap_stack
                0x2000042c      0x604 load address 0x08000fa0
                0x20000430                        . = ALIGN (0x8)
 *fill*         0x2000042c        0x4 
                [!provide]                        PROVIDE (end = .)
                0x20000430                        PROVIDE (_end = .)
                0x20000630                        . = (. + _Min_Heap_Size)
 *fill*         0x20000430      0x200 
                0x20000a30                        . = (. + _Min_Stack_Size)
 *fill*         0x20000630      0x400 
                0x20000a30                        . = ALIGN (0x8)

/DISCARD/
 libc.a(*)
 libm.a(*)
 libgcc.a(*)

.ARM.attributes
                0x00000000       0x29
 *(.ARM.attributes)
 .ARM.attributes
                0x00000000       0x1d C:/ST/STM32CubeIDE_1.19.0/STM32CubeIDE/plugins/com.st.stm32cube.ide.mcu.externaltools.gnu-tools-for-stm32.13.3.rel1.win32_1.0.0.202411081344/tools/bin/../lib/gcc/arm-none-eabi/13.3.1/thumb/v7-m/nofp/crti.o
 .ARM.attributes
                0x0000001d       0x2d C:/ST/STM32CubeIDE_1.19.0/STM32CubeIDE/plugins/com.st.stm32cube.ide.mcu.externaltools.gnu-tools-for-stm32.13.3.rel1.win32_1.0.0.202411081344/tools/bin/../lib/gcc/arm-none-eabi/13.3.1/thumb/v7-m/nofp/crtbegin.o
 .ARM.attributes
                0x0000004a       0x2d ./Src/gpio.o
 .ARM.attributes
                0x00000077       0x2d ./Src/i2c.o
 .ARM.attributes
                0x000000a4       0x2d ./Src/main.o
 .ARM.attributes
                0x000000d1       0x2d ./Src/ssd1306.o
 .ARM.attributes
                0x000000fe       0x21 ./Startup/startup_stm32f103c8tx.o
 .ARM.attributes
                0x0000011f       0x2d C:/ST/STM32CubeIDE_1.19.0/STM32CubeIDE/plugins/com.st.stm32cube.ide.mcu.externaltools.gnu-tools-for-stm32.13.3.rel1.win32_1.0.0.202411081344/tools/bin/../lib/gcc/arm-none-eabi/13.3.1/../../../../arm-none-eabi/lib/thumb/v7-m/nofp\libc_nano.a(libc_a-init.o)
 .ARM.attributes
                0x0000014c       0x1d C:/ST/STM32CubeIDE_1.19.0/STM32CubeIDE/plugins/com.st.stm32cube.ide.mcu.externaltools.gnu-tools-for-stm32.13.3.rel1.win32_1.0.0.202411081344/tools/bin/../lib/gcc/arm-none-eabi/13.3.1/thumb/v7-m/nofp/crtn.o
OUTPUT(water level system.elf elf32-littlearm)
LOAD linker stubs
LOAD C:/ST/STM32CubeIDE_1.19.0/STM32CubeIDE/plugins/com.st.stm32cube.ide.mcu.externaltools.gnu-tools-for-stm32.13.3.rel1.win32_1.0.0.202411081344/tools/bin/../lib/gcc/arm-none-eabi/13.3.1/../../../../arm-none-eabi/lib/thumb/v7-m/nofp\libc.a
LOAD C:/ST/STM32CubeIDE_1.19.0/STM32CubeIDE/plugins/com.st.stm32cube.ide.mcu.externaltools.gnu-tools-for-stm32.13.3.rel1.win32_1.0.0.202411081344/tools/bin/../lib/gcc/arm-none-eabi/13.3.1/../../../../arm-none-eabi/lib/thumb/v7-m/nofp\libm.a
LOAD C:/ST/STM32CubeIDE_1.19.0/STM32CubeIDE/plugins/com.st.stm32cube.ide.mcu.externaltools.gnu-tools-for-stm32.13.3.rel1.win32_1.0.0.202411081344/tools/bin/../lib/gcc/arm-none-eabi/13.3.1/thumb/v7-m/nofp\libgcc.a

.debug_info     0x00000000      0xb80
 .debug_info    0x00000000       0xf1 ./Src/gpio.o
 .debug_info    0x000000f1      0x344 ./Src/i2c.o
 .debug_info    0x00000435      0x46f ./Src/main.o
 .debug_info    0x000008a4      0x2ac ./Src/ssd1306.o
 .debug_info    0x00000b50       0x30 ./Startup/startup_stm32f103c8tx.o

.debug_abbrev   0x00000000      0x56e
 .debug_abbrev  0x00000000       0x88 ./Src/gpio.o
 .debug_abbrev  0x00000088      0x19a ./Src/i2c.o
 .debug_abbrev  0x00000222      0x203 ./Src/main.o
 .debug_abbrev  0x00000425      0x125 ./Src/ssd1306.o
 .debug_abbrev  0x0000054a       0x24 ./Startup/startup_stm32f103c8tx.o

.debug_aranges  0x00000000      0x1a0
 .debug_aranges
                0x00000000       0x58 ./Src/gpio.o
 .debug_aranges
                0x00000058       0x60 ./Src/i2c.o
 .debug_aranges
                0x000000b8       0x60 ./Src/main.o
 .debug_aranges
                0x00000118       0x60 ./Src/ssd1306.o
 .debug_aranges
                0x00000178       0x28 ./Startup/startup_stm32f103c8tx.o

.debug_rnglists
                0x00000000      0x13a
 .debug_rnglists
                0x00000000       0x3e ./Src/gpio.o
 .debug_rnglists
                0x0000003e       0x57 ./Src/i2c.o
 .debug_rnglists
                0x00000095       0x48 ./Src/main.o
 .debug_rnglists
                0x000000dd       0x44 ./Src/ssd1306.o
 .debug_rnglists
                0x00000121       0x19 ./Startup/startup_stm32f103c8tx.o

.debug_macro    0x00000000      0xf3d
 .debug_macro   0x00000000       0x35 ./Src/gpio.o
 .debug_macro   0x00000035      0xad2 ./Src/gpio.o
 .debug_macro   0x00000b07       0x7c ./Src/gpio.o
 .debug_macro   0x00000b83       0x4c ./Src/gpio.o
 .debug_macro   0x00000bcf       0x48 ./Src/i2c.o
 .debug_macro   0x00000c17       0xa0 ./Src/i2c.o
 .debug_macro   0x00000cb7       0x72 ./Src/main.o
 .debug_macro   0x00000d29       0x9a ./Src/main.o
 .debug_macro   0x00000dc3       0x52 ./Src/main.o
 .debug_macro   0x00000e15       0xd6 ./Src/main.o
 .debug_macro   0x00000eeb       0x10 ./Src/main.o
 .debug_macro   0x00000efb       0x42 ./Src/ssd1306.o

.debug_line     0x00000000     0x1138
 .debug_line    0x00000000      0x1dc ./Src/gpio.o
 .debug_line    0x000001dc      0x98b ./Src/i2c.o
 .debug_line    0x00000b67      0x34f ./Src/main.o
 .debug_line    0x00000eb6      0x207 ./Src/ssd1306.o
 .debug_line    0x000010bd       0x7b ./Startup/startup_stm32f103c8tx.o

.debug_str      0x00000000     0x3f88
 .debug_str     0x00000000     0x3f88 ./Src/gpio.o
                               0x34e2 (size before relaxing)
 .debug_str     0x00003f88     0x38d4 ./Src/i2c.o
 .debug_str     0x00003f88     0x3dc5 ./Src/main.o
 .debug_str     0x00003f88     0x39b2 ./Src/ssd1306.o
 .debug_str     0x00003f88       0x82 ./Startup/startup_stm32f103c8tx.o

.comment        0x00000000       0x43
 .comment       0x00000000       0x43 ./Src/gpio.o
                                 0x44 (size before relaxing)
 .comment       0x00000043       0x44 ./Src/i2c.o
 .comment       0x00000043       0x44 ./Src/main.o
 .comment       0x00000043       0x44 ./Src/ssd1306.o

.debug_frame    0x00000000      0x578
 .debug_frame   0x00000000      0x128 ./Src/gpio.o
 .debug_frame   0x00000128      0x16c ./Src/i2c.o
 .debug_frame   0x00000294      0x164 ./Src/main.o
 .debug_frame   0x000003f8      0x154 ./Src/ssd1306.o
 .debug_frame   0x0000054c       0x2c C:/ST/STM32CubeIDE_1.19.0/STM32CubeIDE/plugins/com.st.stm32cube.ide.mcu.externaltools.gnu-tools-for-stm32.13.3.rel1.win32_1.0.0.202411081344/tools/bin/../lib/gcc/arm-none-eabi/13.3.1/../../../../arm-none-eabi/lib/thumb/v7-m/nofp\libc_nano.a(libc_a-init.o)

.debug_line_str
                0x00000000       0x66
 .debug_line_str
                0x00000000       0x66 ./Startup/startup_stm32f103c8tx.o
