../Core/Src/main.c:72:5:main	24	static
../Core/Src/main.c:160:6:SystemClock_Config	72	static
../Core/Src/main.c:200:13:MX_I2C1_Init	8	static
../Core/Src/main.c:234:13:MX_TIM2_Init	48	static
../Core/Src/main.c:296:13:MX_GPIO_Init	40	static
../Core/Src/main.c:347:7:Read_ToF_Distance	4	static
../Core/Src/main.c:352:6:HAL_TIM_IC_CaptureCallback	24	static
../Core/Src/main.c:408:6:delay_us	16	static
../Core/Src/main.c:414:6:HCSR04_Trigger	16	static
../Core/Src/main.c:426:6:Error_Handler	4	static,ignoring_inline_asm
