../Src/vl53l0x.c:46:13:delay_ms	24	static
../Src/vl53l0x.c:57:13:wr	16	static
../Src/vl53l0x.c:61:22:rd	24	static
../Src/vl53l0x.c:73:22:i2c_bus_is_present_at_addr	24	static
../Src/vl53l0x.c:90:13:vl53l0x_data_init	8	static
../Src/vl53l0x.c:108:22:vl53l0x_verify_model_id	16	static
../Src/vl53l0x.c:122:13:vl53l0x_static_init	16	static
../Src/vl53l0x.c:223:13:vl53l0x_perform_single_ref_calibration	24	static
../Src/vl53l0x.c:253:6:vl53l0x_init	56	static
../Src/vl53l0x.c:307:15:vl53l0x_is_sensor_detected	4	static
../Src/vl53l0x.c:318:14:vl53l0x_read_distance_mm	16	static
